Do not approve this - we want received and approved to differ.
