I have different content to what is being approved in the source code
