Some state to be verified .case1 will be in the filename
